// Jest Snapshot v1, https://goo.gl/fbAQLP

exports[`createWallet saga should dispatch the createNewWalletSuccess action if successful 1`] = `
Object {
  "@@redux-saga/IO": true,
  "CALL": Object {
    "args": Array [
      "dogs",
      [Function],
    ],
    "context": null,
    "fn": [Function],
  },
}
`;

exports[`decryptWallet saga should dispatch the decryptWalletFailed action if decryption fails 1`] = `
Object {
  "@@redux-saga/IO": true,
  "CALL": Object {
    "args": Array [
      "{\\"address\\":\\"a0eccd7605bb117dd2a4cd55979c720cf00f7fa4\\",\\"id\\":\\"f17128a6-c5f0-4af0-a168-67cf6d3d8552\\",\\"version\\":3,\\"Crypto\\":{\\"cipher\\":\\"aes-128-ctr\\",\\"cipherparams\\":{\\"iv\\":\\"6167c13fe3cd195b4ce9312a9f9399ce\\"},\\"ciphertext\\":\\"2434b52afa29851edea2acb7f33dd854fc7e7b036ad6a2c3614f3d61ef0e19ce\\",\\"kdf\\":\\"scrypt\\",\\"kdfparams\\":{\\"salt\\":\\"b0662c8968389207137be9f346fb1cfba604f9d214e95012881025b7ebc5b9da\\",\\"n\\":131072,\\"dklen\\":32,\\"p\\":1,\\"r\\":8},\\"mac\\":\\"256bd09baf3341e9f7df675b8a8cc551b86dfd0dfdf1aa8df2596882f3751496\\"},\\"x-ethers\\":{\\"client\\":\\"ethers.js\\",\\"gethFilename\\":\\"UTC--2018-06-19T04-19-27.0Z--a0eccd7605bb117dd2a4cd55979c720cf00f7fa4\\",\\"mnemonicCounter\\":\\"20da552ff9e584fc89194af19543a096\\",\\"mnemonicCiphertext\\":\\"ff46b728607532d5be86a0647b169a18\\",\\"version\\":\\"0.1\\"}}",
      "dogs",
      [Function],
    ],
    "context": null,
    "fn": [Function],
  },
}
`;

exports[`decryptWallet saga should dispatch the decryptWalletSuccess action if successful 1`] = `
Object {
  "@@redux-saga/IO": true,
  "CALL": Object {
    "args": Array [
      "{\\"address\\":\\"a0eccd7605bb117dd2a4cd55979c720cf00f7fa4\\",\\"id\\":\\"f17128a6-c5f0-4af0-a168-67cf6d3d8552\\",\\"version\\":3,\\"Crypto\\":{\\"cipher\\":\\"aes-128-ctr\\",\\"cipherparams\\":{\\"iv\\":\\"6167c13fe3cd195b4ce9312a9f9399ce\\"},\\"ciphertext\\":\\"2434b52afa29851edea2acb7f33dd854fc7e7b036ad6a2c3614f3d61ef0e19ce\\",\\"kdf\\":\\"scrypt\\",\\"kdfparams\\":{\\"salt\\":\\"b0662c8968389207137be9f346fb1cfba604f9d214e95012881025b7ebc5b9da\\",\\"n\\":131072,\\"dklen\\":32,\\"p\\":1,\\"r\\":8},\\"mac\\":\\"256bd09baf3341e9f7df675b8a8cc551b86dfd0dfdf1aa8df2596882f3751496\\"},\\"x-ethers\\":{\\"client\\":\\"ethers.js\\",\\"gethFilename\\":\\"UTC--2018-06-19T04-19-27.0Z--a0eccd7605bb117dd2a4cd55979c720cf00f7fa4\\",\\"mnemonicCounter\\":\\"20da552ff9e584fc89194af19543a096\\",\\"mnemonicCiphertext\\":\\"ff46b728607532d5be86a0647b169a18\\",\\"version\\":\\"0.1\\"}}",
      "dogs",
      [Function],
    ],
    "context": null,
    "fn": [Function],
  },
}
`;
