// Jest Snapshot v1, https://goo.gl/fbAQLP

exports[`<ContactBook /> shallow mount should correctly render 1`] = `
ShallowWrapper {
  "length": 1,
  Symbol(enzyme.__root__): [Circular],
  Symbol(enzyme.__unrendered__): <ContactBook
    contacts={
        Immutable.List [
            Immutable.Map {
                name: "mike",
                address: "0x324234",
            },
            Immutable.Map {
                name: "john",
                address: "04234",
            },
            Immutable.Map {
                name: "ester",
                address: "0x344234",
            },
        ]
    }
    editContact={[Function]}
    recentContacts={
        Immutable.List [
            Immutable.Map {
                name: "mike",
                address: "0x324234",
            },
            Immutable.Map {
                name: "john",
                address: "04234",
            },
        ]
    }
    removeContact={[Function]}
/>,
  Symbol(enzyme.__renderer__): Object {
    "batchedUpdates": [Function],
    "getNode": [Function],
    "render": [Function],
    "simulateEvent": [Function],
    "unmount": [Function],
  },
  Symbol(enzyme.__node__): Object {
    "instance": null,
    "key": undefined,
    "nodeType": "class",
    "props": Object {
      "children": Array [
        <index.style__InnerWrapper1
          contactsPresent={3}
>
          <ContactHeader
                    onChange={[Function]}
                    placeholder="Filter"
                    showSearch={true}
                    title="Recently Used Contacts"
          />
          <index.style__Border
                    contactsLength={2}
          >
                    <ContactList
                              data={
                                        Array [
                                                  Object {
                                                    "address": "0x324234",
                                                    "name": "mike",
                                                  },
                                                  Object {
                                                    "address": "04234",
                                                    "name": "john",
                                                  },
                                                ]
                              }
                              layout="horizontal"
                              message="You have no recently used contacts."
                              onDelete={[Function]}
                              onEdit={[Function]}
                              size="small"
                    />
          </index.style__Border>
</index.style__InnerWrapper1>,
        <index.style__InnerWrapper2
          contactsPresent={3}
>
          <ContactHeader
                    onChange={[Function]}
                    placeholder="Filter"
                    showSearch={true}
                    title="All Contacts"
          />
          <index.style__Border
                    contactsLength={3}
          >
                    <ContactList
                              data={
                                        Array [
                                                  Object {
                                                    "address": "0x324234",
                                                    "name": "mike",
                                                  },
                                                  Object {
                                                    "address": "04234",
                                                    "name": "john",
                                                  },
                                                  Object {
                                                    "address": "0x344234",
                                                    "name": "ester",
                                                  },
                                                ]
                              }
                              layout="horizontal"
                              message="You have not added any contacts."
                              onDelete={[Function]}
                              onEdit={[Function]}
                              size="small"
                    />
          </index.style__Border>
</index.style__InnerWrapper2>,
      ],
    },
    "ref": null,
    "rendered": Array [
      Object {
        "instance": null,
        "key": undefined,
        "nodeType": "class",
        "props": Object {
          "children": Array [
            <ContactHeader
              onChange={[Function]}
              placeholder="Filter"
              showSearch={true}
              title="Recently Used Contacts"
/>,
            <index.style__Border
              contactsLength={2}
>
              <ContactList
                            data={
                                          Array [
                                                        Object {
                                                          "address": "0x324234",
                                                          "name": "mike",
                                                        },
                                                        Object {
                                                          "address": "04234",
                                                          "name": "john",
                                                        },
                                                      ]
                            }
                            layout="horizontal"
                            message="You have no recently used contacts."
                            onDelete={[Function]}
                            onEdit={[Function]}
                            size="small"
              />
</index.style__Border>,
          ],
          "contactsPresent": 3,
        },
        "ref": null,
        "rendered": Array [
          Object {
            "instance": null,
            "key": undefined,
            "nodeType": "class",
            "props": Object {
              "onChange": [Function],
              "placeholder": "Filter",
              "showSearch": true,
              "title": "Recently Used Contacts",
            },
            "ref": null,
            "rendered": null,
            "type": [Function],
          },
          Object {
            "instance": null,
            "key": undefined,
            "nodeType": "class",
            "props": Object {
              "children": <ContactList
                data={
                                Array [
                                                Object {
                                                  "address": "0x324234",
                                                  "name": "mike",
                                                },
                                                Object {
                                                  "address": "04234",
                                                  "name": "john",
                                                },
                                              ]
                }
                layout="horizontal"
                message="You have no recently used contacts."
                onDelete={[Function]}
                onEdit={[Function]}
                size="small"
/>,
              "contactsLength": 2,
            },
            "ref": null,
            "rendered": Object {
              "instance": null,
              "key": undefined,
              "nodeType": "class",
              "props": Object {
                "data": Array [
                  Object {
                    "address": "0x324234",
                    "name": "mike",
                  },
                  Object {
                    "address": "04234",
                    "name": "john",
                  },
                ],
                "layout": "horizontal",
                "message": "You have no recently used contacts.",
                "onDelete": [Function],
                "onEdit": [Function],
                "size": "small",
              },
              "ref": null,
              "rendered": null,
              "type": [Function],
            },
            "type": [Function],
          },
        ],
        "type": [Function],
      },
      Object {
        "instance": null,
        "key": undefined,
        "nodeType": "class",
        "props": Object {
          "children": Array [
            <ContactHeader
              onChange={[Function]}
              placeholder="Filter"
              showSearch={true}
              title="All Contacts"
/>,
            <index.style__Border
              contactsLength={3}
>
              <ContactList
                            data={
                                          Array [
                                                        Object {
                                                          "address": "0x324234",
                                                          "name": "mike",
                                                        },
                                                        Object {
                                                          "address": "04234",
                                                          "name": "john",
                                                        },
                                                        Object {
                                                          "address": "0x344234",
                                                          "name": "ester",
                                                        },
                                                      ]
                            }
                            layout="horizontal"
                            message="You have not added any contacts."
                            onDelete={[Function]}
                            onEdit={[Function]}
                            size="small"
              />
</index.style__Border>,
          ],
          "contactsPresent": 3,
        },
        "ref": null,
        "rendered": Array [
          Object {
            "instance": null,
            "key": undefined,
            "nodeType": "class",
            "props": Object {
              "onChange": [Function],
              "placeholder": "Filter",
              "showSearch": true,
              "title": "All Contacts",
            },
            "ref": null,
            "rendered": null,
            "type": [Function],
          },
          Object {
            "instance": null,
            "key": undefined,
            "nodeType": "class",
            "props": Object {
              "children": <ContactList
                data={
                                Array [
                                                Object {
                                                  "address": "0x324234",
                                                  "name": "mike",
                                                },
                                                Object {
                                                  "address": "04234",
                                                  "name": "john",
                                                },
                                                Object {
                                                  "address": "0x344234",
                                                  "name": "ester",
                                                },
                                              ]
                }
                layout="horizontal"
                message="You have not added any contacts."
                onDelete={[Function]}
                onEdit={[Function]}
                size="small"
/>,
              "contactsLength": 3,
            },
            "ref": null,
            "rendered": Object {
              "instance": null,
              "key": undefined,
              "nodeType": "class",
              "props": Object {
                "data": Array [
                  Object {
                    "address": "0x324234",
                    "name": "mike",
                  },
                  Object {
                    "address": "04234",
                    "name": "john",
                  },
                  Object {
                    "address": "0x344234",
                    "name": "ester",
                  },
                ],
                "layout": "horizontal",
                "message": "You have not added any contacts.",
                "onDelete": [Function],
                "onEdit": [Function],
                "size": "small",
              },
              "ref": null,
              "rendered": null,
              "type": [Function],
            },
            "type": [Function],
          },
        ],
        "type": [Function],
      },
    ],
    "type": [Function],
  },
  Symbol(enzyme.__nodes__): Array [
    Object {
      "instance": null,
      "key": undefined,
      "nodeType": "class",
      "props": Object {
        "children": Array [
          <index.style__InnerWrapper1
            contactsPresent={3}
>
            <ContactHeader
                        onChange={[Function]}
                        placeholder="Filter"
                        showSearch={true}
                        title="Recently Used Contacts"
            />
            <index.style__Border
                        contactsLength={2}
            >
                        <ContactList
                                    data={
                                                Array [
                                                            Object {
                                                              "address": "0x324234",
                                                              "name": "mike",
                                                            },
                                                            Object {
                                                              "address": "04234",
                                                              "name": "john",
                                                            },
                                                          ]
                                    }
                                    layout="horizontal"
                                    message="You have no recently used contacts."
                                    onDelete={[Function]}
                                    onEdit={[Function]}
                                    size="small"
                        />
            </index.style__Border>
</index.style__InnerWrapper1>,
          <index.style__InnerWrapper2
            contactsPresent={3}
>
            <ContactHeader
                        onChange={[Function]}
                        placeholder="Filter"
                        showSearch={true}
                        title="All Contacts"
            />
            <index.style__Border
                        contactsLength={3}
            >
                        <ContactList
                                    data={
                                                Array [
                                                            Object {
                                                              "address": "0x324234",
                                                              "name": "mike",
                                                            },
                                                            Object {
                                                              "address": "04234",
                                                              "name": "john",
                                                            },
                                                            Object {
                                                              "address": "0x344234",
                                                              "name": "ester",
                                                            },
                                                          ]
                                    }
                                    layout="horizontal"
                                    message="You have not added any contacts."
                                    onDelete={[Function]}
                                    onEdit={[Function]}
                                    size="small"
                        />
            </index.style__Border>
</index.style__InnerWrapper2>,
        ],
      },
      "ref": null,
      "rendered": Array [
        Object {
          "instance": null,
          "key": undefined,
          "nodeType": "class",
          "props": Object {
            "children": Array [
              <ContactHeader
                onChange={[Function]}
                placeholder="Filter"
                showSearch={true}
                title="Recently Used Contacts"
/>,
              <index.style__Border
                contactsLength={2}
>
                <ContactList
                                data={
                                                Array [
                                                                Object {
                                                                  "address": "0x324234",
                                                                  "name": "mike",
                                                                },
                                                                Object {
                                                                  "address": "04234",
                                                                  "name": "john",
                                                                },
                                                              ]
                                }
                                layout="horizontal"
                                message="You have no recently used contacts."
                                onDelete={[Function]}
                                onEdit={[Function]}
                                size="small"
                />
</index.style__Border>,
            ],
            "contactsPresent": 3,
          },
          "ref": null,
          "rendered": Array [
            Object {
              "instance": null,
              "key": undefined,
              "nodeType": "class",
              "props": Object {
                "onChange": [Function],
                "placeholder": "Filter",
                "showSearch": true,
                "title": "Recently Used Contacts",
              },
              "ref": null,
              "rendered": null,
              "type": [Function],
            },
            Object {
              "instance": null,
              "key": undefined,
              "nodeType": "class",
              "props": Object {
                "children": <ContactList
                  data={
                                    Array [
                                                      Object {
                                                        "address": "0x324234",
                                                        "name": "mike",
                                                      },
                                                      Object {
                                                        "address": "04234",
                                                        "name": "john",
                                                      },
                                                    ]
                  }
                  layout="horizontal"
                  message="You have no recently used contacts."
                  onDelete={[Function]}
                  onEdit={[Function]}
                  size="small"
/>,
                "contactsLength": 2,
              },
              "ref": null,
              "rendered": Object {
                "instance": null,
                "key": undefined,
                "nodeType": "class",
                "props": Object {
                  "data": Array [
                    Object {
                      "address": "0x324234",
                      "name": "mike",
                    },
                    Object {
                      "address": "04234",
                      "name": "john",
                    },
                  ],
                  "layout": "horizontal",
                  "message": "You have no recently used contacts.",
                  "onDelete": [Function],
                  "onEdit": [Function],
                  "size": "small",
                },
                "ref": null,
                "rendered": null,
                "type": [Function],
              },
              "type": [Function],
            },
          ],
          "type": [Function],
        },
        Object {
          "instance": null,
          "key": undefined,
          "nodeType": "class",
          "props": Object {
            "children": Array [
              <ContactHeader
                onChange={[Function]}
                placeholder="Filter"
                showSearch={true}
                title="All Contacts"
/>,
              <index.style__Border
                contactsLength={3}
>
                <ContactList
                                data={
                                                Array [
                                                                Object {
                                                                  "address": "0x324234",
                                                                  "name": "mike",
                                                                },
                                                                Object {
                                                                  "address": "04234",
                                                                  "name": "john",
                                                                },
                                                                Object {
                                                                  "address": "0x344234",
                                                                  "name": "ester",
                                                                },
                                                              ]
                                }
                                layout="horizontal"
                                message="You have not added any contacts."
                                onDelete={[Function]}
                                onEdit={[Function]}
                                size="small"
                />
</index.style__Border>,
            ],
            "contactsPresent": 3,
          },
          "ref": null,
          "rendered": Array [
            Object {
              "instance": null,
              "key": undefined,
              "nodeType": "class",
              "props": Object {
                "onChange": [Function],
                "placeholder": "Filter",
                "showSearch": true,
                "title": "All Contacts",
              },
              "ref": null,
              "rendered": null,
              "type": [Function],
            },
            Object {
              "instance": null,
              "key": undefined,
              "nodeType": "class",
              "props": Object {
                "children": <ContactList
                  data={
                                    Array [
                                                      Object {
                                                        "address": "0x324234",
                                                        "name": "mike",
                                                      },
                                                      Object {
                                                        "address": "04234",
                                                        "name": "john",
                                                      },
                                                      Object {
                                                        "address": "0x344234",
                                                        "name": "ester",
                                                      },
                                                    ]
                  }
                  layout="horizontal"
                  message="You have not added any contacts."
                  onDelete={[Function]}
                  onEdit={[Function]}
                  size="small"
/>,
                "contactsLength": 3,
              },
              "ref": null,
              "rendered": Object {
                "instance": null,
                "key": undefined,
                "nodeType": "class",
                "props": Object {
                  "data": Array [
                    Object {
                      "address": "0x324234",
                      "name": "mike",
                    },
                    Object {
                      "address": "04234",
                      "name": "john",
                    },
                    Object {
                      "address": "0x344234",
                      "name": "ester",
                    },
                  ],
                  "layout": "horizontal",
                  "message": "You have not added any contacts.",
                  "onDelete": [Function],
                  "onEdit": [Function],
                  "size": "small",
                },
                "ref": null,
                "rendered": null,
                "type": [Function],
              },
              "type": [Function],
            },
          ],
          "type": [Function],
        },
      ],
      "type": [Function],
    },
  ],
  Symbol(enzyme.__options__): Object {
    "adapter": ReactSixteenAdapter {
      "options": Object {
        "enableComponentDidUpdateOnSetState": true,
      },
    },
  },
}
`;
