// Jest Snapshot v1, https://goo.gl/fbAQLP

exports[`<ContactDeletionModal/> should render <ContactDeletionModal/> correctly 1`] = `
ShallowWrapper {
  "length": 1,
  Symbol(enzyme.__root__): [Circular],
  Symbol(enzyme.__unrendered__): <ContactDeletionModal
    address="0x3123123"
    name="mike"
    onCancel={[Function]}
    onDelete={[Function]}
/>,
  Symbol(enzyme.__renderer__): Object {
    "batchedUpdates": [Function],
    "getNode": [Function],
    "render": [Function],
    "simulateEvent": [Function],
    "unmount": [Function],
  },
  Symbol(enzyme.__node__): Object {
    "instance": null,
    "key": undefined,
    "nodeType": "class",
    "props": Object {
      "children": Array [
        <ContactDeletionModalstyle__Text>
           Are you sure you want to delete this contact?
</ContactDeletionModalstyle__Text>,
        <ContactDeletionModalstyle__TextPrimary>
          <div>
                    <ContactDeletionModalstyle__SecondaryHeader>
                              Name 
                    </ContactDeletionModalstyle__SecondaryHeader>
                     
                    mike
          </div>
          <div>
                    <ContactDeletionModalstyle__SecondaryHeader>
                              Address 
                    </ContactDeletionModalstyle__SecondaryHeader>
                    0x3123123
          </div>
</ContactDeletionModalstyle__TextPrimary>,
        <ContactDeletionModalstyle__ParentDiv>
          <ContactDeletionModalstyle__StyledButton
                    id="delete"
                    onClick={[Function]}
                    type="primary"
          >
                    Delete
          </ContactDeletionModalstyle__StyledButton>
          <ContactDeletionModalstyle__StyledButton
                    id="cancel"
                    onClick={[Function]}
                    type="primary"
          >
                    Cancel
          </ContactDeletionModalstyle__StyledButton>
</ContactDeletionModalstyle__ParentDiv>,
      ],
    },
    "ref": null,
    "rendered": Array [
      Object {
        "instance": null,
        "key": undefined,
        "nodeType": "class",
        "props": Object {
          "children": " Are you sure you want to delete this contact?",
        },
        "ref": null,
        "rendered": " Are you sure you want to delete this contact?",
        "type": [Function],
      },
      Object {
        "instance": null,
        "key": undefined,
        "nodeType": "class",
        "props": Object {
          "children": Array [
            <div>
              <ContactDeletionModalstyle__SecondaryHeader>
                            Name 
              </ContactDeletionModalstyle__SecondaryHeader>
               
              mike
</div>,
            <div>
              <ContactDeletionModalstyle__SecondaryHeader>
                            Address 
              </ContactDeletionModalstyle__SecondaryHeader>
              0x3123123
</div>,
          ],
        },
        "ref": null,
        "rendered": Array [
          Object {
            "instance": null,
            "key": undefined,
            "nodeType": "host",
            "props": Object {
              "children": Array [
                <ContactDeletionModalstyle__SecondaryHeader>
                  Name 
</ContactDeletionModalstyle__SecondaryHeader>,
                " ",
                "mike",
              ],
            },
            "ref": null,
            "rendered": Array [
              Object {
                "instance": null,
                "key": undefined,
                "nodeType": "class",
                "props": Object {
                  "children": "Name ",
                },
                "ref": null,
                "rendered": "Name ",
                "type": [Function],
              },
              " ",
              "mike",
            ],
            "type": "div",
          },
          Object {
            "instance": null,
            "key": undefined,
            "nodeType": "host",
            "props": Object {
              "children": Array [
                <ContactDeletionModalstyle__SecondaryHeader>
                  Address 
</ContactDeletionModalstyle__SecondaryHeader>,
                "0x3123123",
              ],
            },
            "ref": null,
            "rendered": Array [
              Object {
                "instance": null,
                "key": undefined,
                "nodeType": "class",
                "props": Object {
                  "children": "Address ",
                },
                "ref": null,
                "rendered": "Address ",
                "type": [Function],
              },
              "0x3123123",
            ],
            "type": "div",
          },
        ],
        "type": [Function],
      },
      Object {
        "instance": null,
        "key": undefined,
        "nodeType": "class",
        "props": Object {
          "children": Array [
            <ContactDeletionModalstyle__StyledButton
              id="delete"
              onClick={[Function]}
              type="primary"
>
              Delete
</ContactDeletionModalstyle__StyledButton>,
            <ContactDeletionModalstyle__StyledButton
              id="cancel"
              onClick={[Function]}
              type="primary"
>
              Cancel
</ContactDeletionModalstyle__StyledButton>,
          ],
        },
        "ref": null,
        "rendered": Array [
          Object {
            "instance": null,
            "key": undefined,
            "nodeType": "class",
            "props": Object {
              "children": "Delete",
              "id": "delete",
              "onClick": [Function],
              "type": "primary",
            },
            "ref": null,
            "rendered": "Delete",
            "type": [Function],
          },
          Object {
            "instance": null,
            "key": undefined,
            "nodeType": "class",
            "props": Object {
              "children": "Cancel",
              "id": "cancel",
              "onClick": [Function],
              "type": "primary",
            },
            "ref": null,
            "rendered": "Cancel",
            "type": [Function],
          },
        ],
        "type": [Function],
      },
    ],
    "type": [Function],
  },
  Symbol(enzyme.__nodes__): Array [
    Object {
      "instance": null,
      "key": undefined,
      "nodeType": "class",
      "props": Object {
        "children": Array [
          <ContactDeletionModalstyle__Text>
             Are you sure you want to delete this contact?
</ContactDeletionModalstyle__Text>,
          <ContactDeletionModalstyle__TextPrimary>
            <div>
                        <ContactDeletionModalstyle__SecondaryHeader>
                                    Name 
                        </ContactDeletionModalstyle__SecondaryHeader>
                         
                        mike
            </div>
            <div>
                        <ContactDeletionModalstyle__SecondaryHeader>
                                    Address 
                        </ContactDeletionModalstyle__SecondaryHeader>
                        0x3123123
            </div>
</ContactDeletionModalstyle__TextPrimary>,
          <ContactDeletionModalstyle__ParentDiv>
            <ContactDeletionModalstyle__StyledButton
                        id="delete"
                        onClick={[Function]}
                        type="primary"
            >
                        Delete
            </ContactDeletionModalstyle__StyledButton>
            <ContactDeletionModalstyle__StyledButton
                        id="cancel"
                        onClick={[Function]}
                        type="primary"
            >
                        Cancel
            </ContactDeletionModalstyle__StyledButton>
</ContactDeletionModalstyle__ParentDiv>,
        ],
      },
      "ref": null,
      "rendered": Array [
        Object {
          "instance": null,
          "key": undefined,
          "nodeType": "class",
          "props": Object {
            "children": " Are you sure you want to delete this contact?",
          },
          "ref": null,
          "rendered": " Are you sure you want to delete this contact?",
          "type": [Function],
        },
        Object {
          "instance": null,
          "key": undefined,
          "nodeType": "class",
          "props": Object {
            "children": Array [
              <div>
                <ContactDeletionModalstyle__SecondaryHeader>
                                Name 
                </ContactDeletionModalstyle__SecondaryHeader>
                 
                mike
</div>,
              <div>
                <ContactDeletionModalstyle__SecondaryHeader>
                                Address 
                </ContactDeletionModalstyle__SecondaryHeader>
                0x3123123
</div>,
            ],
          },
          "ref": null,
          "rendered": Array [
            Object {
              "instance": null,
              "key": undefined,
              "nodeType": "host",
              "props": Object {
                "children": Array [
                  <ContactDeletionModalstyle__SecondaryHeader>
                    Name 
</ContactDeletionModalstyle__SecondaryHeader>,
                  " ",
                  "mike",
                ],
              },
              "ref": null,
              "rendered": Array [
                Object {
                  "instance": null,
                  "key": undefined,
                  "nodeType": "class",
                  "props": Object {
                    "children": "Name ",
                  },
                  "ref": null,
                  "rendered": "Name ",
                  "type": [Function],
                },
                " ",
                "mike",
              ],
              "type": "div",
            },
            Object {
              "instance": null,
              "key": undefined,
              "nodeType": "host",
              "props": Object {
                "children": Array [
                  <ContactDeletionModalstyle__SecondaryHeader>
                    Address 
</ContactDeletionModalstyle__SecondaryHeader>,
                  "0x3123123",
                ],
              },
              "ref": null,
              "rendered": Array [
                Object {
                  "instance": null,
                  "key": undefined,
                  "nodeType": "class",
                  "props": Object {
                    "children": "Address ",
                  },
                  "ref": null,
                  "rendered": "Address ",
                  "type": [Function],
                },
                "0x3123123",
              ],
              "type": "div",
            },
          ],
          "type": [Function],
        },
        Object {
          "instance": null,
          "key": undefined,
          "nodeType": "class",
          "props": Object {
            "children": Array [
              <ContactDeletionModalstyle__StyledButton
                id="delete"
                onClick={[Function]}
                type="primary"
>
                Delete
</ContactDeletionModalstyle__StyledButton>,
              <ContactDeletionModalstyle__StyledButton
                id="cancel"
                onClick={[Function]}
                type="primary"
>
                Cancel
</ContactDeletionModalstyle__StyledButton>,
            ],
          },
          "ref": null,
          "rendered": Array [
            Object {
              "instance": null,
              "key": undefined,
              "nodeType": "class",
              "props": Object {
                "children": "Delete",
                "id": "delete",
                "onClick": [Function],
                "type": "primary",
              },
              "ref": null,
              "rendered": "Delete",
              "type": [Function],
            },
            Object {
              "instance": null,
              "key": undefined,
              "nodeType": "class",
              "props": Object {
                "children": "Cancel",
                "id": "cancel",
                "onClick": [Function],
                "type": "primary",
              },
              "ref": null,
              "rendered": "Cancel",
              "type": [Function],
            },
          ],
          "type": [Function],
        },
      ],
      "type": [Function],
    },
  ],
  Symbol(enzyme.__options__): Object {
    "adapter": ReactSixteenAdapter {
      "options": Object {
        "enableComponentDidUpdateOnSetState": true,
      },
    },
  },
}
`;
