// Jest Snapshot v1, https://goo.gl/fbAQLP

exports[`<ExportPrivateInfo/> should render <ExportPrivateInfo/> correctly 1`] = `
ShallowWrapper {
  "length": 1,
  Symbol(enzyme.__root__): [Circular],
  Symbol(enzyme.__unrendered__): <ExportPrivateInfo
    address="0x3123123"
    mnemonic="the ball in my hand"
    name="Wallet1"
    onExit={[Function]}
    privateKey="privateKey"
/>,
  Symbol(enzyme.__renderer__): Object {
    "batchedUpdates": [Function],
    "getNode": [Function],
    "render": [Function],
    "simulateEvent": [Function],
    "unmount": [Function],
  },
  Symbol(enzyme.__node__): Object {
    "instance": null,
    "key": undefined,
    "nodeType": "class",
    "props": Object {
      "children": Array [
        <ExportPrivateInfo.style__Text>
          Never share this information with anyone
</ExportPrivateInfo.style__Text>,
        <ExportPrivateInfo.style__Text>
          Always keep a physical backup in a safe location
</ExportPrivateInfo.style__Text>,
        <ExportPrivateInfo.style__TextPrimary>
          <div>
                    <ExportPrivateInfo.style__SecondaryHeader>
                              Mnemonic
                              <CopyToClipboard
                                        onCopy={undefined}
                                        options={undefined}
                                        text="the ball in my hand"
                              >
                                        <ExportPrivateInfo.style__StyledIcon
                                                  icon="copy"
                                                  id="mnemonic"
                                                  onClick={[Function]}
                                                  shape="circle"
                                                  size="small"
                                                  type="primary"
                                        />
                              </CopyToClipboard>
                    </ExportPrivateInfo.style__SecondaryHeader>
                    the ball in my hand
          </div>
          <div>
                    <ExportPrivateInfo.style__SecondaryHeader>
                              Private Key
                              <CopyToClipboard
                                        onCopy={undefined}
                                        options={undefined}
                                        text="privateKey"
                              >
                                        <ExportPrivateInfo.style__StyledIcon
                                                  icon="copy"
                                                  id="privateKey"
                                                  onClick={[Function]}
                                                  shape="circle"
                                                  size="small"
                                                  type="primary"
                                        />
                              </CopyToClipboard>
                    </ExportPrivateInfo.style__SecondaryHeader>
                    privateKey
          </div>
</ExportPrivateInfo.style__TextPrimary>,
        <ExportPrivateInfo.style__ParentDiv>
          <ExportPrivateInfo.style__StyledButton
                    id="exit"
                    onClick={[Function]}
                    type="primary"
          >
                    Close
          </ExportPrivateInfo.style__StyledButton>
</ExportPrivateInfo.style__ParentDiv>,
      ],
    },
    "ref": null,
    "rendered": Array [
      Object {
        "instance": null,
        "key": undefined,
        "nodeType": "class",
        "props": Object {
          "children": "Never share this information with anyone",
        },
        "ref": null,
        "rendered": "Never share this information with anyone",
        "type": [Function],
      },
      Object {
        "instance": null,
        "key": undefined,
        "nodeType": "class",
        "props": Object {
          "children": "Always keep a physical backup in a safe location",
        },
        "ref": null,
        "rendered": "Always keep a physical backup in a safe location",
        "type": [Function],
      },
      Object {
        "instance": null,
        "key": undefined,
        "nodeType": "class",
        "props": Object {
          "children": Array [
            <div>
              <ExportPrivateInfo.style__SecondaryHeader>
                            Mnemonic
                            <CopyToClipboard
                                          onCopy={undefined}
                                          options={undefined}
                                          text="the ball in my hand"
                            >
                                          <ExportPrivateInfo.style__StyledIcon
                                                        icon="copy"
                                                        id="mnemonic"
                                                        onClick={[Function]}
                                                        shape="circle"
                                                        size="small"
                                                        type="primary"
                                          />
                            </CopyToClipboard>
              </ExportPrivateInfo.style__SecondaryHeader>
              the ball in my hand
</div>,
            <div>
              <ExportPrivateInfo.style__SecondaryHeader>
                            Private Key
                            <CopyToClipboard
                                          onCopy={undefined}
                                          options={undefined}
                                          text="privateKey"
                            >
                                          <ExportPrivateInfo.style__StyledIcon
                                                        icon="copy"
                                                        id="privateKey"
                                                        onClick={[Function]}
                                                        shape="circle"
                                                        size="small"
                                                        type="primary"
                                          />
                            </CopyToClipboard>
              </ExportPrivateInfo.style__SecondaryHeader>
              privateKey
</div>,
          ],
        },
        "ref": null,
        "rendered": Array [
          Object {
            "instance": null,
            "key": undefined,
            "nodeType": "host",
            "props": Object {
              "children": Array [
                <ExportPrivateInfo.style__SecondaryHeader>
                  Mnemonic
                  <CopyToClipboard
                                    onCopy={undefined}
                                    options={undefined}
                                    text="the ball in my hand"
                  >
                                    <ExportPrivateInfo.style__StyledIcon
                                                      icon="copy"
                                                      id="mnemonic"
                                                      onClick={[Function]}
                                                      shape="circle"
                                                      size="small"
                                                      type="primary"
                                    />
                  </CopyToClipboard>
</ExportPrivateInfo.style__SecondaryHeader>,
                "the ball in my hand",
              ],
            },
            "ref": null,
            "rendered": Array [
              Object {
                "instance": null,
                "key": undefined,
                "nodeType": "class",
                "props": Object {
                  "children": Array [
                    "Mnemonic",
                    <CopyToClipboard
                      onCopy={undefined}
                      options={undefined}
                      text="the ball in my hand"
>
                      <ExportPrivateInfo.style__StyledIcon
                                            icon="copy"
                                            id="mnemonic"
                                            onClick={[Function]}
                                            shape="circle"
                                            size="small"
                                            type="primary"
                      />
</CopyToClipboard>,
                  ],
                },
                "ref": null,
                "rendered": Array [
                  "Mnemonic",
                  Object {
                    "instance": null,
                    "key": undefined,
                    "nodeType": "class",
                    "props": Object {
                      "children": <ExportPrivateInfo.style__StyledIcon
                        icon="copy"
                        id="mnemonic"
                        onClick={[Function]}
                        shape="circle"
                        size="small"
                        type="primary"
/>,
                      "onCopy": undefined,
                      "options": undefined,
                      "text": "the ball in my hand",
                    },
                    "ref": null,
                    "rendered": Object {
                      "instance": null,
                      "key": undefined,
                      "nodeType": "class",
                      "props": Object {
                        "icon": "copy",
                        "id": "mnemonic",
                        "onClick": [Function],
                        "shape": "circle",
                        "size": "small",
                        "type": "primary",
                      },
                      "ref": null,
                      "rendered": null,
                      "type": [Function],
                    },
                    "type": [Function],
                  },
                ],
                "type": [Function],
              },
              "the ball in my hand",
            ],
            "type": "div",
          },
          Object {
            "instance": null,
            "key": undefined,
            "nodeType": "host",
            "props": Object {
              "children": Array [
                <ExportPrivateInfo.style__SecondaryHeader>
                  Private Key
                  <CopyToClipboard
                                    onCopy={undefined}
                                    options={undefined}
                                    text="privateKey"
                  >
                                    <ExportPrivateInfo.style__StyledIcon
                                                      icon="copy"
                                                      id="privateKey"
                                                      onClick={[Function]}
                                                      shape="circle"
                                                      size="small"
                                                      type="primary"
                                    />
                  </CopyToClipboard>
</ExportPrivateInfo.style__SecondaryHeader>,
                "privateKey",
              ],
            },
            "ref": null,
            "rendered": Array [
              Object {
                "instance": null,
                "key": undefined,
                "nodeType": "class",
                "props": Object {
                  "children": Array [
                    "Private Key",
                    <CopyToClipboard
                      onCopy={undefined}
                      options={undefined}
                      text="privateKey"
>
                      <ExportPrivateInfo.style__StyledIcon
                                            icon="copy"
                                            id="privateKey"
                                            onClick={[Function]}
                                            shape="circle"
                                            size="small"
                                            type="primary"
                      />
</CopyToClipboard>,
                  ],
                },
                "ref": null,
                "rendered": Array [
                  "Private Key",
                  Object {
                    "instance": null,
                    "key": undefined,
                    "nodeType": "class",
                    "props": Object {
                      "children": <ExportPrivateInfo.style__StyledIcon
                        icon="copy"
                        id="privateKey"
                        onClick={[Function]}
                        shape="circle"
                        size="small"
                        type="primary"
/>,
                      "onCopy": undefined,
                      "options": undefined,
                      "text": "privateKey",
                    },
                    "ref": null,
                    "rendered": Object {
                      "instance": null,
                      "key": undefined,
                      "nodeType": "class",
                      "props": Object {
                        "icon": "copy",
                        "id": "privateKey",
                        "onClick": [Function],
                        "shape": "circle",
                        "size": "small",
                        "type": "primary",
                      },
                      "ref": null,
                      "rendered": null,
                      "type": [Function],
                    },
                    "type": [Function],
                  },
                ],
                "type": [Function],
              },
              "privateKey",
            ],
            "type": "div",
          },
        ],
        "type": [Function],
      },
      Object {
        "instance": null,
        "key": undefined,
        "nodeType": "class",
        "props": Object {
          "children": <ExportPrivateInfo.style__StyledButton
            id="exit"
            onClick={[Function]}
            type="primary"
>
            Close
</ExportPrivateInfo.style__StyledButton>,
        },
        "ref": null,
        "rendered": Object {
          "instance": null,
          "key": undefined,
          "nodeType": "class",
          "props": Object {
            "children": "Close",
            "id": "exit",
            "onClick": [Function],
            "type": "primary",
          },
          "ref": null,
          "rendered": "Close",
          "type": [Function],
        },
        "type": [Function],
      },
    ],
    "type": [Function],
  },
  Symbol(enzyme.__nodes__): Array [
    Object {
      "instance": null,
      "key": undefined,
      "nodeType": "class",
      "props": Object {
        "children": Array [
          <ExportPrivateInfo.style__Text>
            Never share this information with anyone
</ExportPrivateInfo.style__Text>,
          <ExportPrivateInfo.style__Text>
            Always keep a physical backup in a safe location
</ExportPrivateInfo.style__Text>,
          <ExportPrivateInfo.style__TextPrimary>
            <div>
                        <ExportPrivateInfo.style__SecondaryHeader>
                                    Mnemonic
                                    <CopyToClipboard
                                                onCopy={undefined}
                                                options={undefined}
                                                text="the ball in my hand"
                                    >
                                                <ExportPrivateInfo.style__StyledIcon
                                                            icon="copy"
                                                            id="mnemonic"
                                                            onClick={[Function]}
                                                            shape="circle"
                                                            size="small"
                                                            type="primary"
                                                />
                                    </CopyToClipboard>
                        </ExportPrivateInfo.style__SecondaryHeader>
                        the ball in my hand
            </div>
            <div>
                        <ExportPrivateInfo.style__SecondaryHeader>
                                    Private Key
                                    <CopyToClipboard
                                                onCopy={undefined}
                                                options={undefined}
                                                text="privateKey"
                                    >
                                                <ExportPrivateInfo.style__StyledIcon
                                                            icon="copy"
                                                            id="privateKey"
                                                            onClick={[Function]}
                                                            shape="circle"
                                                            size="small"
                                                            type="primary"
                                                />
                                    </CopyToClipboard>
                        </ExportPrivateInfo.style__SecondaryHeader>
                        privateKey
            </div>
</ExportPrivateInfo.style__TextPrimary>,
          <ExportPrivateInfo.style__ParentDiv>
            <ExportPrivateInfo.style__StyledButton
                        id="exit"
                        onClick={[Function]}
                        type="primary"
            >
                        Close
            </ExportPrivateInfo.style__StyledButton>
</ExportPrivateInfo.style__ParentDiv>,
        ],
      },
      "ref": null,
      "rendered": Array [
        Object {
          "instance": null,
          "key": undefined,
          "nodeType": "class",
          "props": Object {
            "children": "Never share this information with anyone",
          },
          "ref": null,
          "rendered": "Never share this information with anyone",
          "type": [Function],
        },
        Object {
          "instance": null,
          "key": undefined,
          "nodeType": "class",
          "props": Object {
            "children": "Always keep a physical backup in a safe location",
          },
          "ref": null,
          "rendered": "Always keep a physical backup in a safe location",
          "type": [Function],
        },
        Object {
          "instance": null,
          "key": undefined,
          "nodeType": "class",
          "props": Object {
            "children": Array [
              <div>
                <ExportPrivateInfo.style__SecondaryHeader>
                                Mnemonic
                                <CopyToClipboard
                                                onCopy={undefined}
                                                options={undefined}
                                                text="the ball in my hand"
                                >
                                                <ExportPrivateInfo.style__StyledIcon
                                                                icon="copy"
                                                                id="mnemonic"
                                                                onClick={[Function]}
                                                                shape="circle"
                                                                size="small"
                                                                type="primary"
                                                />
                                </CopyToClipboard>
                </ExportPrivateInfo.style__SecondaryHeader>
                the ball in my hand
</div>,
              <div>
                <ExportPrivateInfo.style__SecondaryHeader>
                                Private Key
                                <CopyToClipboard
                                                onCopy={undefined}
                                                options={undefined}
                                                text="privateKey"
                                >
                                                <ExportPrivateInfo.style__StyledIcon
                                                                icon="copy"
                                                                id="privateKey"
                                                                onClick={[Function]}
                                                                shape="circle"
                                                                size="small"
                                                                type="primary"
                                                />
                                </CopyToClipboard>
                </ExportPrivateInfo.style__SecondaryHeader>
                privateKey
</div>,
            ],
          },
          "ref": null,
          "rendered": Array [
            Object {
              "instance": null,
              "key": undefined,
              "nodeType": "host",
              "props": Object {
                "children": Array [
                  <ExportPrivateInfo.style__SecondaryHeader>
                    Mnemonic
                    <CopyToClipboard
                                        onCopy={undefined}
                                        options={undefined}
                                        text="the ball in my hand"
                    >
                                        <ExportPrivateInfo.style__StyledIcon
                                                            icon="copy"
                                                            id="mnemonic"
                                                            onClick={[Function]}
                                                            shape="circle"
                                                            size="small"
                                                            type="primary"
                                        />
                    </CopyToClipboard>
</ExportPrivateInfo.style__SecondaryHeader>,
                  "the ball in my hand",
                ],
              },
              "ref": null,
              "rendered": Array [
                Object {
                  "instance": null,
                  "key": undefined,
                  "nodeType": "class",
                  "props": Object {
                    "children": Array [
                      "Mnemonic",
                      <CopyToClipboard
                        onCopy={undefined}
                        options={undefined}
                        text="the ball in my hand"
>
                        <ExportPrivateInfo.style__StyledIcon
                                                icon="copy"
                                                id="mnemonic"
                                                onClick={[Function]}
                                                shape="circle"
                                                size="small"
                                                type="primary"
                        />
</CopyToClipboard>,
                    ],
                  },
                  "ref": null,
                  "rendered": Array [
                    "Mnemonic",
                    Object {
                      "instance": null,
                      "key": undefined,
                      "nodeType": "class",
                      "props": Object {
                        "children": <ExportPrivateInfo.style__StyledIcon
                          icon="copy"
                          id="mnemonic"
                          onClick={[Function]}
                          shape="circle"
                          size="small"
                          type="primary"
/>,
                        "onCopy": undefined,
                        "options": undefined,
                        "text": "the ball in my hand",
                      },
                      "ref": null,
                      "rendered": Object {
                        "instance": null,
                        "key": undefined,
                        "nodeType": "class",
                        "props": Object {
                          "icon": "copy",
                          "id": "mnemonic",
                          "onClick": [Function],
                          "shape": "circle",
                          "size": "small",
                          "type": "primary",
                        },
                        "ref": null,
                        "rendered": null,
                        "type": [Function],
                      },
                      "type": [Function],
                    },
                  ],
                  "type": [Function],
                },
                "the ball in my hand",
              ],
              "type": "div",
            },
            Object {
              "instance": null,
              "key": undefined,
              "nodeType": "host",
              "props": Object {
                "children": Array [
                  <ExportPrivateInfo.style__SecondaryHeader>
                    Private Key
                    <CopyToClipboard
                                        onCopy={undefined}
                                        options={undefined}
                                        text="privateKey"
                    >
                                        <ExportPrivateInfo.style__StyledIcon
                                                            icon="copy"
                                                            id="privateKey"
                                                            onClick={[Function]}
                                                            shape="circle"
                                                            size="small"
                                                            type="primary"
                                        />
                    </CopyToClipboard>
</ExportPrivateInfo.style__SecondaryHeader>,
                  "privateKey",
                ],
              },
              "ref": null,
              "rendered": Array [
                Object {
                  "instance": null,
                  "key": undefined,
                  "nodeType": "class",
                  "props": Object {
                    "children": Array [
                      "Private Key",
                      <CopyToClipboard
                        onCopy={undefined}
                        options={undefined}
                        text="privateKey"
>
                        <ExportPrivateInfo.style__StyledIcon
                                                icon="copy"
                                                id="privateKey"
                                                onClick={[Function]}
                                                shape="circle"
                                                size="small"
                                                type="primary"
                        />
</CopyToClipboard>,
                    ],
                  },
                  "ref": null,
                  "rendered": Array [
                    "Private Key",
                    Object {
                      "instance": null,
                      "key": undefined,
                      "nodeType": "class",
                      "props": Object {
                        "children": <ExportPrivateInfo.style__StyledIcon
                          icon="copy"
                          id="privateKey"
                          onClick={[Function]}
                          shape="circle"
                          size="small"
                          type="primary"
/>,
                        "onCopy": undefined,
                        "options": undefined,
                        "text": "privateKey",
                      },
                      "ref": null,
                      "rendered": Object {
                        "instance": null,
                        "key": undefined,
                        "nodeType": "class",
                        "props": Object {
                          "icon": "copy",
                          "id": "privateKey",
                          "onClick": [Function],
                          "shape": "circle",
                          "size": "small",
                          "type": "primary",
                        },
                        "ref": null,
                        "rendered": null,
                        "type": [Function],
                      },
                      "type": [Function],
                    },
                  ],
                  "type": [Function],
                },
                "privateKey",
              ],
              "type": "div",
            },
          ],
          "type": [Function],
        },
        Object {
          "instance": null,
          "key": undefined,
          "nodeType": "class",
          "props": Object {
            "children": <ExportPrivateInfo.style__StyledButton
              id="exit"
              onClick={[Function]}
              type="primary"
>
              Close
</ExportPrivateInfo.style__StyledButton>,
          },
          "ref": null,
          "rendered": Object {
            "instance": null,
            "key": undefined,
            "nodeType": "class",
            "props": Object {
              "children": "Close",
              "id": "exit",
              "onClick": [Function],
              "type": "primary",
            },
            "ref": null,
            "rendered": "Close",
            "type": [Function],
          },
          "type": [Function],
        },
      ],
      "type": [Function],
    },
  ],
  Symbol(enzyme.__options__): Object {
    "adapter": ReactSixteenAdapter {
      "options": Object {
        "enableComponentDidUpdateOnSetState": true,
      },
    },
  },
}
`;
