// Jest Snapshot v1, https://goo.gl/fbAQLP

exports[`<SideBar /> should render correctly 1`] = `
ShallowWrapper {
  "length": 1,
  Symbol(enzyme.__root__): [Circular],
  Symbol(enzyme.__unrendered__): <withRouter(SideBar)
    logoSrc="../../../public/images/hubii-core-logo.svg"
    menuItems={
        Array [
            Object {
              "icon": "wallet",
              "name": "Wallet Manager",
              "to": "/wallets",
            },
            Object {
              "icon": "striim",
              "name": "striim detail",
              "to": "/wallet",
            },
            Object {
              "icon": "dex",
              "name": "dex detail",
              "to": "/dex",
            },
          ]
    }
>
    <div />
</withRouter(SideBar)>,
  Symbol(enzyme.__renderer__): Object {
    "batchedUpdates": [Function],
    "getNode": [Function],
    "render": [Function],
    "simulateEvent": [Function],
    "unmount": [Function],
  },
  Symbol(enzyme.__node__): Object {
    "instance": null,
    "key": undefined,
    "nodeType": "class",
    "props": Object {
      "children": [Function],
    },
    "ref": null,
    "rendered": [Function],
    "type": [Function],
  },
  Symbol(enzyme.__nodes__): Array [
    Object {
      "instance": null,
      "key": undefined,
      "nodeType": "class",
      "props": Object {
        "children": [Function],
      },
      "ref": null,
      "rendered": [Function],
      "type": [Function],
    },
  ],
  Symbol(enzyme.__options__): Object {
    "adapter": ReactSixteenAdapter {
      "options": Object {
        "enableComponentDidUpdateOnSetState": true,
      },
    },
  },
}
`;
