// Jest Snapshot v1, https://goo.gl/fbAQLP

exports[`<ImportWallet /> should render correctly 1`] = `
ShallowWrapper {
  "length": 1,
  Symbol(enzyme.__root__): [Circular],
  Symbol(enzyme.__unrendered__): <ImportWallet
    intl={
        Object {
            "formatMessage": [Function],
          }
    }
    wallets={
        Array [
            Object {
              "name": "ledger",
              "src": "https://www.ledger.fr/wp-content/uploads/2017/09/Ledger_logo_footer@2x.png",
            },
            Object {
              "name": "Private key",
            },
          ]
    }
/>,
  Symbol(enzyme.__renderer__): Object {
    "batchedUpdates": [Function],
    "getNode": [Function],
    "render": [Function],
    "simulateEvent": [Function],
    "unmount": [Function],
  },
  Symbol(enzyme.__node__): Object {
    "instance": null,
    "key": undefined,
    "nodeType": "class",
    "props": Object {
      "children": Array [
        <style__Header>
          store_wallet_question
</style__Header>,
        <style__OptionsWrapper
          onChange={[Function]}
>
          <style__Option
                    value="ledger"
          >
                    <style__Center>
                              <style__Image
                                        src="https://www.ledger.fr/wp-content/uploads/2017/09/Ledger_logo_footer@2x.png"
                              />
                    </style__Center>
          </style__Option>
          <style__Option
                    value="Private key"
          >
                    <style__Center>
                              <style__OptionText>
                                        Private key
                              </style__OptionText>
                    </style__Center>
          </style__Option>
</style__OptionsWrapper>,
        <style__StyledButton
          disabled={true}
          onClick={[Function]}
          type="primary"
>
          <Text>
                    next
          </Text>
</style__StyledButton>,
      ],
    },
    "ref": null,
    "rendered": Array [
      Object {
        "instance": null,
        "key": undefined,
        "nodeType": "class",
        "props": Object {
          "children": "store_wallet_question",
        },
        "ref": null,
        "rendered": "store_wallet_question",
        "type": [Function],
      },
      Object {
        "instance": null,
        "key": undefined,
        "nodeType": "class",
        "props": Object {
          "children": Array [
            <style__Option
              value="ledger"
>
              <style__Center>
                            <style__Image
                                          src="https://www.ledger.fr/wp-content/uploads/2017/09/Ledger_logo_footer@2x.png"
                            />
              </style__Center>
</style__Option>,
            <style__Option
              value="Private key"
>
              <style__Center>
                            <style__OptionText>
                                          Private key
                            </style__OptionText>
              </style__Center>
</style__Option>,
          ],
          "onChange": [Function],
        },
        "ref": null,
        "rendered": Array [
          Object {
            "instance": null,
            "key": "ledger",
            "nodeType": "class",
            "props": Object {
              "children": <style__Center>
                <style__Image
                                src="https://www.ledger.fr/wp-content/uploads/2017/09/Ledger_logo_footer@2x.png"
                />
</style__Center>,
              "value": "ledger",
            },
            "ref": null,
            "rendered": Object {
              "instance": null,
              "key": undefined,
              "nodeType": "class",
              "props": Object {
                "children": <style__Image
                  src="https://www.ledger.fr/wp-content/uploads/2017/09/Ledger_logo_footer@2x.png"
/>,
              },
              "ref": null,
              "rendered": Object {
                "instance": null,
                "key": undefined,
                "nodeType": "class",
                "props": Object {
                  "src": "https://www.ledger.fr/wp-content/uploads/2017/09/Ledger_logo_footer@2x.png",
                },
                "ref": null,
                "rendered": null,
                "type": [Function],
              },
              "type": [Function],
            },
            "type": [Function],
          },
          Object {
            "instance": null,
            "key": "Private key",
            "nodeType": "class",
            "props": Object {
              "children": <style__Center>
                <style__OptionText>
                                Private key
                </style__OptionText>
</style__Center>,
              "value": "Private key",
            },
            "ref": null,
            "rendered": Object {
              "instance": null,
              "key": undefined,
              "nodeType": "class",
              "props": Object {
                "children": <style__OptionText>
                  Private key
</style__OptionText>,
              },
              "ref": null,
              "rendered": Object {
                "instance": null,
                "key": undefined,
                "nodeType": "class",
                "props": Object {
                  "children": "Private key",
                },
                "ref": null,
                "rendered": "Private key",
                "type": [Function],
              },
              "type": [Function],
            },
            "type": [Function],
          },
        ],
        "type": [Function],
      },
      Object {
        "instance": null,
        "key": undefined,
        "nodeType": "class",
        "props": Object {
          "children": <Text>
            next
</Text>,
          "disabled": true,
          "onClick": [Function],
          "type": "primary",
        },
        "ref": null,
        "rendered": Object {
          "instance": null,
          "key": undefined,
          "nodeType": "class",
          "props": Object {
            "children": "next",
          },
          "ref": null,
          "rendered": "next",
          "type": [Function],
        },
        "type": [Function],
      },
    ],
    "type": [Function],
  },
  Symbol(enzyme.__nodes__): Array [
    Object {
      "instance": null,
      "key": undefined,
      "nodeType": "class",
      "props": Object {
        "children": Array [
          <style__Header>
            store_wallet_question
</style__Header>,
          <style__OptionsWrapper
            onChange={[Function]}
>
            <style__Option
                        value="ledger"
            >
                        <style__Center>
                                    <style__Image
                                                src="https://www.ledger.fr/wp-content/uploads/2017/09/Ledger_logo_footer@2x.png"
                                    />
                        </style__Center>
            </style__Option>
            <style__Option
                        value="Private key"
            >
                        <style__Center>
                                    <style__OptionText>
                                                Private key
                                    </style__OptionText>
                        </style__Center>
            </style__Option>
</style__OptionsWrapper>,
          <style__StyledButton
            disabled={true}
            onClick={[Function]}
            type="primary"
>
            <Text>
                        next
            </Text>
</style__StyledButton>,
        ],
      },
      "ref": null,
      "rendered": Array [
        Object {
          "instance": null,
          "key": undefined,
          "nodeType": "class",
          "props": Object {
            "children": "store_wallet_question",
          },
          "ref": null,
          "rendered": "store_wallet_question",
          "type": [Function],
        },
        Object {
          "instance": null,
          "key": undefined,
          "nodeType": "class",
          "props": Object {
            "children": Array [
              <style__Option
                value="ledger"
>
                <style__Center>
                                <style__Image
                                                src="https://www.ledger.fr/wp-content/uploads/2017/09/Ledger_logo_footer@2x.png"
                                />
                </style__Center>
</style__Option>,
              <style__Option
                value="Private key"
>
                <style__Center>
                                <style__OptionText>
                                                Private key
                                </style__OptionText>
                </style__Center>
</style__Option>,
            ],
            "onChange": [Function],
          },
          "ref": null,
          "rendered": Array [
            Object {
              "instance": null,
              "key": "ledger",
              "nodeType": "class",
              "props": Object {
                "children": <style__Center>
                  <style__Image
                                    src="https://www.ledger.fr/wp-content/uploads/2017/09/Ledger_logo_footer@2x.png"
                  />
</style__Center>,
                "value": "ledger",
              },
              "ref": null,
              "rendered": Object {
                "instance": null,
                "key": undefined,
                "nodeType": "class",
                "props": Object {
                  "children": <style__Image
                    src="https://www.ledger.fr/wp-content/uploads/2017/09/Ledger_logo_footer@2x.png"
/>,
                },
                "ref": null,
                "rendered": Object {
                  "instance": null,
                  "key": undefined,
                  "nodeType": "class",
                  "props": Object {
                    "src": "https://www.ledger.fr/wp-content/uploads/2017/09/Ledger_logo_footer@2x.png",
                  },
                  "ref": null,
                  "rendered": null,
                  "type": [Function],
                },
                "type": [Function],
              },
              "type": [Function],
            },
            Object {
              "instance": null,
              "key": "Private key",
              "nodeType": "class",
              "props": Object {
                "children": <style__Center>
                  <style__OptionText>
                                    Private key
                  </style__OptionText>
</style__Center>,
                "value": "Private key",
              },
              "ref": null,
              "rendered": Object {
                "instance": null,
                "key": undefined,
                "nodeType": "class",
                "props": Object {
                  "children": <style__OptionText>
                    Private key
</style__OptionText>,
                },
                "ref": null,
                "rendered": Object {
                  "instance": null,
                  "key": undefined,
                  "nodeType": "class",
                  "props": Object {
                    "children": "Private key",
                  },
                  "ref": null,
                  "rendered": "Private key",
                  "type": [Function],
                },
                "type": [Function],
              },
              "type": [Function],
            },
          ],
          "type": [Function],
        },
        Object {
          "instance": null,
          "key": undefined,
          "nodeType": "class",
          "props": Object {
            "children": <Text>
              next
</Text>,
            "disabled": true,
            "onClick": [Function],
            "type": "primary",
          },
          "ref": null,
          "rendered": Object {
            "instance": null,
            "key": undefined,
            "nodeType": "class",
            "props": Object {
              "children": "next",
            },
            "ref": null,
            "rendered": "next",
            "type": [Function],
          },
          "type": [Function],
        },
      ],
      "type": [Function],
    },
  ],
  Symbol(enzyme.__options__): Object {
    "adapter": ReactSixteenAdapter {
      "options": Object {
        "enableComponentDidUpdateOnSetState": true,
      },
    },
  },
}
`;
