// Jest Snapshot v1, https://goo.gl/fbAQLP

exports[`<HomeScreen /> should render correctly 1`] = `
ShallowWrapper {
  "length": 1,
  Symbol(enzyme.__root__): [Circular],
  Symbol(enzyme.__unrendered__): <HomeScreen
    intl={
        Object {
            "formatMessage": [Function],
          }
    }
/>,
  Symbol(enzyme.__renderer__): Object {
    "batchedUpdates": [Function],
    "getNode": [Function],
    "render": [Function],
    "simulateEvent": [Function],
    "unmount": [Function],
  },
  Symbol(enzyme.__node__): Object {
    "instance": null,
    "key": undefined,
    "nodeType": "class",
    "props": Object {
      "children": Array [
        <Logo
          src="/public/images/hubii-core-logo-wtext.svg"
/>,
        <Cards>
          <StyledLink
                    to="/wallets"
          >
                    <DashboardCard
                              iconSrc="/public/images/wallet-icon-green.png"
                              title="my_wallets"
                    />
          </StyledLink>
          <StyledLink
                    to="/nahmii/airdriip-registration"
          >
                    <DashboardCard
                              iconSrc="/public/images/nahmii-token-green.png"
                              title="my_nahmii"
                    />
          </StyledLink>
          <StyledLink
                    to="/dex"
          >
                    <DashboardCard
                              iconSrc="/public/images/dex-icon-green.png"
                              title="DEX"
                    />
          </StyledLink>
          <StyledLink
                    to="/settings"
          >
                    <DashboardCard
                              iconType="setting"
                              title="settings"
                    />
          </StyledLink>
</Cards>,
      ],
    },
    "ref": null,
    "rendered": Array [
      Object {
        "instance": null,
        "key": undefined,
        "nodeType": "class",
        "props": Object {
          "src": "/public/images/hubii-core-logo-wtext.svg",
        },
        "ref": null,
        "rendered": null,
        "type": [Function],
      },
      Object {
        "instance": null,
        "key": undefined,
        "nodeType": "class",
        "props": Object {
          "children": Array [
            <StyledLink
              to="/wallets"
>
              <DashboardCard
                            iconSrc="/public/images/wallet-icon-green.png"
                            title="my_wallets"
              />
</StyledLink>,
            <StyledLink
              to="/nahmii/airdriip-registration"
>
              <DashboardCard
                            iconSrc="/public/images/nahmii-token-green.png"
                            title="my_nahmii"
              />
</StyledLink>,
            <StyledLink
              to="/dex"
>
              <DashboardCard
                            iconSrc="/public/images/dex-icon-green.png"
                            title="DEX"
              />
</StyledLink>,
            <StyledLink
              to="/settings"
>
              <DashboardCard
                            iconType="setting"
                            title="settings"
              />
</StyledLink>,
          ],
        },
        "ref": null,
        "rendered": Array [
          Object {
            "instance": null,
            "key": undefined,
            "nodeType": "class",
            "props": Object {
              "children": <DashboardCard
                iconSrc="/public/images/wallet-icon-green.png"
                title="my_wallets"
/>,
              "to": "/wallets",
            },
            "ref": null,
            "rendered": Object {
              "instance": null,
              "key": undefined,
              "nodeType": "function",
              "props": Object {
                "iconSrc": "/public/images/wallet-icon-green.png",
                "title": "my_wallets",
              },
              "ref": null,
              "rendered": null,
              "type": [Function],
            },
            "type": [Function],
          },
          Object {
            "instance": null,
            "key": undefined,
            "nodeType": "class",
            "props": Object {
              "children": <DashboardCard
                iconSrc="/public/images/nahmii-token-green.png"
                title="my_nahmii"
/>,
              "to": "/nahmii/airdriip-registration",
            },
            "ref": null,
            "rendered": Object {
              "instance": null,
              "key": undefined,
              "nodeType": "function",
              "props": Object {
                "iconSrc": "/public/images/nahmii-token-green.png",
                "title": "my_nahmii",
              },
              "ref": null,
              "rendered": null,
              "type": [Function],
            },
            "type": [Function],
          },
          Object {
            "instance": null,
            "key": undefined,
            "nodeType": "class",
            "props": Object {
              "children": <DashboardCard
                iconSrc="/public/images/dex-icon-green.png"
                title="DEX"
/>,
              "to": "/dex",
            },
            "ref": null,
            "rendered": Object {
              "instance": null,
              "key": undefined,
              "nodeType": "function",
              "props": Object {
                "iconSrc": "/public/images/dex-icon-green.png",
                "title": "DEX",
              },
              "ref": null,
              "rendered": null,
              "type": [Function],
            },
            "type": [Function],
          },
          Object {
            "instance": null,
            "key": undefined,
            "nodeType": "class",
            "props": Object {
              "children": <DashboardCard
                iconType="setting"
                title="settings"
/>,
              "to": "/settings",
            },
            "ref": null,
            "rendered": Object {
              "instance": null,
              "key": undefined,
              "nodeType": "function",
              "props": Object {
                "iconType": "setting",
                "title": "settings",
              },
              "ref": null,
              "rendered": null,
              "type": [Function],
            },
            "type": [Function],
          },
        ],
        "type": [Function],
      },
    ],
    "type": [Function],
  },
  Symbol(enzyme.__nodes__): Array [
    Object {
      "instance": null,
      "key": undefined,
      "nodeType": "class",
      "props": Object {
        "children": Array [
          <Logo
            src="/public/images/hubii-core-logo-wtext.svg"
/>,
          <Cards>
            <StyledLink
                        to="/wallets"
            >
                        <DashboardCard
                                    iconSrc="/public/images/wallet-icon-green.png"
                                    title="my_wallets"
                        />
            </StyledLink>
            <StyledLink
                        to="/nahmii/airdriip-registration"
            >
                        <DashboardCard
                                    iconSrc="/public/images/nahmii-token-green.png"
                                    title="my_nahmii"
                        />
            </StyledLink>
            <StyledLink
                        to="/dex"
            >
                        <DashboardCard
                                    iconSrc="/public/images/dex-icon-green.png"
                                    title="DEX"
                        />
            </StyledLink>
            <StyledLink
                        to="/settings"
            >
                        <DashboardCard
                                    iconType="setting"
                                    title="settings"
                        />
            </StyledLink>
</Cards>,
        ],
      },
      "ref": null,
      "rendered": Array [
        Object {
          "instance": null,
          "key": undefined,
          "nodeType": "class",
          "props": Object {
            "src": "/public/images/hubii-core-logo-wtext.svg",
          },
          "ref": null,
          "rendered": null,
          "type": [Function],
        },
        Object {
          "instance": null,
          "key": undefined,
          "nodeType": "class",
          "props": Object {
            "children": Array [
              <StyledLink
                to="/wallets"
>
                <DashboardCard
                                iconSrc="/public/images/wallet-icon-green.png"
                                title="my_wallets"
                />
</StyledLink>,
              <StyledLink
                to="/nahmii/airdriip-registration"
>
                <DashboardCard
                                iconSrc="/public/images/nahmii-token-green.png"
                                title="my_nahmii"
                />
</StyledLink>,
              <StyledLink
                to="/dex"
>
                <DashboardCard
                                iconSrc="/public/images/dex-icon-green.png"
                                title="DEX"
                />
</StyledLink>,
              <StyledLink
                to="/settings"
>
                <DashboardCard
                                iconType="setting"
                                title="settings"
                />
</StyledLink>,
            ],
          },
          "ref": null,
          "rendered": Array [
            Object {
              "instance": null,
              "key": undefined,
              "nodeType": "class",
              "props": Object {
                "children": <DashboardCard
                  iconSrc="/public/images/wallet-icon-green.png"
                  title="my_wallets"
/>,
                "to": "/wallets",
              },
              "ref": null,
              "rendered": Object {
                "instance": null,
                "key": undefined,
                "nodeType": "function",
                "props": Object {
                  "iconSrc": "/public/images/wallet-icon-green.png",
                  "title": "my_wallets",
                },
                "ref": null,
                "rendered": null,
                "type": [Function],
              },
              "type": [Function],
            },
            Object {
              "instance": null,
              "key": undefined,
              "nodeType": "class",
              "props": Object {
                "children": <DashboardCard
                  iconSrc="/public/images/nahmii-token-green.png"
                  title="my_nahmii"
/>,
                "to": "/nahmii/airdriip-registration",
              },
              "ref": null,
              "rendered": Object {
                "instance": null,
                "key": undefined,
                "nodeType": "function",
                "props": Object {
                  "iconSrc": "/public/images/nahmii-token-green.png",
                  "title": "my_nahmii",
                },
                "ref": null,
                "rendered": null,
                "type": [Function],
              },
              "type": [Function],
            },
            Object {
              "instance": null,
              "key": undefined,
              "nodeType": "class",
              "props": Object {
                "children": <DashboardCard
                  iconSrc="/public/images/dex-icon-green.png"
                  title="DEX"
/>,
                "to": "/dex",
              },
              "ref": null,
              "rendered": Object {
                "instance": null,
                "key": undefined,
                "nodeType": "function",
                "props": Object {
                  "iconSrc": "/public/images/dex-icon-green.png",
                  "title": "DEX",
                },
                "ref": null,
                "rendered": null,
                "type": [Function],
              },
              "type": [Function],
            },
            Object {
              "instance": null,
              "key": undefined,
              "nodeType": "class",
              "props": Object {
                "children": <DashboardCard
                  iconType="setting"
                  title="settings"
/>,
                "to": "/settings",
              },
              "ref": null,
              "rendered": Object {
                "instance": null,
                "key": undefined,
                "nodeType": "function",
                "props": Object {
                  "iconType": "setting",
                  "title": "settings",
                },
                "ref": null,
                "rendered": null,
                "type": [Function],
              },
              "type": [Function],
            },
          ],
          "type": [Function],
        },
      ],
      "type": [Function],
    },
  ],
  Symbol(enzyme.__options__): Object {
    "adapter": ReactSixteenAdapter {
      "options": Object {
        "enableComponentDidUpdateOnSetState": true,
      },
    },
  },
}
`;
