// Jest Snapshot v1, https://goo.gl/fbAQLP

exports[`<PageLoadingIndicator /> should render correctly 1`] = `
ShallowWrapper {
  "length": 1,
  Symbol(enzyme.__root__): [Circular],
  Symbol(enzyme.__unrendered__): <PageLoadingIndicator
    id="12"
    pageType="FooPage"
/>,
  Symbol(enzyme.__renderer__): Object {
    "batchedUpdates": [Function],
    "getNode": [Function],
    "render": [Function],
    "simulateEvent": [Function],
    "unmount": [Function],
  },
  Symbol(enzyme.__node__): Object {
    "instance": null,
    "key": undefined,
    "nodeType": "host",
    "props": Object {
      "children": <Loader
        active={true}
        size="huge"
>
        <FormattedMessage
                defaultMessage="Fetching {pageType} {id}"
                id="app.components.PageLoadingIndicator.header"
                values={
                        Object {
                                "id": "12",
                                "pageType": "FooPage",
                              }
                }
        />
</Loader>,
    },
    "ref": null,
    "rendered": Object {
      "instance": null,
      "key": undefined,
      "nodeType": "function",
      "props": Object {
        "active": true,
        "children": <FormattedMessage
          defaultMessage="Fetching {pageType} {id}"
          id="app.components.PageLoadingIndicator.header"
          values={
                    Object {
                              "id": "12",
                              "pageType": "FooPage",
                            }
          }
/>,
        "size": "huge",
      },
      "ref": null,
      "rendered": Object {
        "instance": null,
        "key": undefined,
        "nodeType": "class",
        "props": Object {
          "defaultMessage": "Fetching {pageType} {id}",
          "id": "app.components.PageLoadingIndicator.header",
          "values": Object {
            "id": "12",
            "pageType": "FooPage",
          },
        },
        "ref": null,
        "rendered": null,
        "type": [Function],
      },
      "type": [Function],
    },
    "type": "div",
  },
  Symbol(enzyme.__nodes__): Array [
    Object {
      "instance": null,
      "key": undefined,
      "nodeType": "host",
      "props": Object {
        "children": <Loader
          active={true}
          size="huge"
>
          <FormattedMessage
                    defaultMessage="Fetching {pageType} {id}"
                    id="app.components.PageLoadingIndicator.header"
                    values={
                              Object {
                                        "id": "12",
                                        "pageType": "FooPage",
                                      }
                    }
          />
</Loader>,
      },
      "ref": null,
      "rendered": Object {
        "instance": null,
        "key": undefined,
        "nodeType": "function",
        "props": Object {
          "active": true,
          "children": <FormattedMessage
            defaultMessage="Fetching {pageType} {id}"
            id="app.components.PageLoadingIndicator.header"
            values={
                        Object {
                                    "id": "12",
                                    "pageType": "FooPage",
                                  }
            }
/>,
          "size": "huge",
        },
        "ref": null,
        "rendered": Object {
          "instance": null,
          "key": undefined,
          "nodeType": "class",
          "props": Object {
            "defaultMessage": "Fetching {pageType} {id}",
            "id": "app.components.PageLoadingIndicator.header",
            "values": Object {
              "id": "12",
              "pageType": "FooPage",
            },
          },
          "ref": null,
          "rendered": null,
          "type": [Function],
        },
        "type": [Function],
      },
      "type": "div",
    },
  ],
  Symbol(enzyme.__options__): Object {
    "adapter": ReactSixteenAdapter {
      "options": Object {
        "enableComponentDidUpdateOnSetState": true,
      },
    },
  },
}
`;
