// Jest Snapshot v1, https://goo.gl/fbAQLP

exports[`<EditContactModal/> should correctly render <EditContactModal/> 1`] = `
ShallowWrapper {
  "length": 1,
  Symbol(enzyme.__root__): [Circular],
  Symbol(enzyme.__unrendered__): <Form(EditContactModal)
    address="0x12312313"
    name="mike"
    onChange={[Function]}
    onEdit={[Function]}
    validateEdit={[Function]}
/>,
  Symbol(enzyme.__renderer__): Object {
    "batchedUpdates": [Function],
    "getNode": [Function],
    "render": [Function],
    "simulateEvent": [Function],
    "unmount": [Function],
  },
  Symbol(enzyme.__node__): Object {
    "instance": null,
    "key": undefined,
    "nodeType": "class",
    "props": Object {
      "address": "0x12312313",
      "form": Object {
        "getFieldDecorator": [Function],
        "getFieldError": [Function],
        "getFieldInstance": [Function],
        "getFieldProps": [Function],
        "getFieldValue": [Function],
        "getFieldsError": [Function],
        "getFieldsValue": [Function],
        "isFieldTouched": [Function],
        "isFieldValidating": [Function],
        "isFieldsTouched": [Function],
        "isFieldsValidating": [Function],
        "isSubmitting": [Function],
        "resetFields": [Function],
        "setFields": [Function],
        "setFieldsInitialValue": [Function],
        "setFieldsValue": [Function],
        "submit": [Function],
        "validateFields": [Function],
        "validateFieldsAndScroll": [Function],
      },
      "name": "mike",
      "onChange": [Function],
      "onEdit": [Function],
      "validateEdit": [Function],
    },
    "ref": null,
    "rendered": null,
    "type": [Function],
  },
  Symbol(enzyme.__nodes__): Array [
    Object {
      "instance": null,
      "key": undefined,
      "nodeType": "class",
      "props": Object {
        "address": "0x12312313",
        "form": Object {
          "getFieldDecorator": [Function],
          "getFieldError": [Function],
          "getFieldInstance": [Function],
          "getFieldProps": [Function],
          "getFieldValue": [Function],
          "getFieldsError": [Function],
          "getFieldsValue": [Function],
          "isFieldTouched": [Function],
          "isFieldValidating": [Function],
          "isFieldsTouched": [Function],
          "isFieldsValidating": [Function],
          "isSubmitting": [Function],
          "resetFields": [Function],
          "setFields": [Function],
          "setFieldsInitialValue": [Function],
          "setFieldsValue": [Function],
          "submit": [Function],
          "validateFields": [Function],
          "validateFieldsAndScroll": [Function],
        },
        "name": "mike",
        "onChange": [Function],
        "onEdit": [Function],
        "validateEdit": [Function],
      },
      "ref": null,
      "rendered": null,
      "type": [Function],
    },
  ],
  Symbol(enzyme.__options__): Object {
    "adapter": ReactSixteenAdapter {
      "options": Object {
        "enableComponentDidUpdateOnSetState": true,
      },
    },
  },
}
`;
