// Jest Snapshot v1, https://goo.gl/fbAQLP

exports[`<ContactDeletionModal/> should render <DeletionModal/> correctly 1`] = `
ShallowWrapper {
  "length": 1,
  Symbol(enzyme.__root__): [Circular],
  Symbol(enzyme.__unrendered__): <DeletionModal
    address="0x3123123"
    intl={
        Object {
            "formatMessage": [Function],
          }
    }
    name="mike"
    onCancel={[Function]}
    onDelete={[Function]}
    type="wallet"
/>,
  Symbol(enzyme.__renderer__): Object {
    "batchedUpdates": [Function],
    "getNode": [Function],
    "render": [Function],
    "simulateEvent": [Function],
    "unmount": [Function],
  },
  Symbol(enzyme.__node__): Object {
    "instance": null,
    "key": undefined,
    "nodeType": "class",
    "props": Object {
      "children": Array [
        <DeletionModal.style__TopHeading>
           
          delete_confirm {"type":"wallet"}
</DeletionModal.style__TopHeading>,
        <DeletionModal.style__TextPrimary>
          <div
                    style={
                              Object {
                                        "marginBottom": "0.5rem",
                                      }
                    }
          >
                    <DeletionModal.style__SecondaryHeader
                              large={true}
                    >
                              name
                    </DeletionModal.style__SecondaryHeader>
                    <br />
                    <Text>
                              mike
                    </Text>
          </div>
          <div>
                    <DeletionModal.style__SecondaryHeader
                              large={true}
                    >
                              address
                    </DeletionModal.style__SecondaryHeader>
                    <br />
                    <Text>
                              0x3123123
                    </Text>
          </div>
</DeletionModal.style__TextPrimary>,
        <DeletionModal.style__ParentDiv>
          <DeletionModal.style__StyledButton
                    id="delete"
                    onClick={[Function]}
                    type="danger"
          >
                    delete
          </DeletionModal.style__StyledButton>
          <DeletionModal.style__StyledButton
                    id="cancel"
                    onClick={[Function]}
                    type="default"
          >
                    cancel
          </DeletionModal.style__StyledButton>
</DeletionModal.style__ParentDiv>,
      ],
    },
    "ref": null,
    "rendered": Array [
      Object {
        "instance": null,
        "key": undefined,
        "nodeType": "class",
        "props": Object {
          "children": Array [
            " ",
            "delete_confirm {\\"type\\":\\"wallet\\"}",
          ],
        },
        "ref": null,
        "rendered": Array [
          " ",
          "delete_confirm {\\"type\\":\\"wallet\\"}",
        ],
        "type": [Function],
      },
      Object {
        "instance": null,
        "key": undefined,
        "nodeType": "class",
        "props": Object {
          "children": Array [
            <div
              style={
                            Object {
                                          "marginBottom": "0.5rem",
                                        }
              }
>
              <DeletionModal.style__SecondaryHeader
                            large={true}
              >
                            name
              </DeletionModal.style__SecondaryHeader>
              <br />
              <Text>
                            mike
              </Text>
</div>,
            <div>
              <DeletionModal.style__SecondaryHeader
                            large={true}
              >
                            address
              </DeletionModal.style__SecondaryHeader>
              <br />
              <Text>
                            0x3123123
              </Text>
</div>,
          ],
        },
        "ref": null,
        "rendered": Array [
          Object {
            "instance": null,
            "key": undefined,
            "nodeType": "host",
            "props": Object {
              "children": Array [
                <DeletionModal.style__SecondaryHeader
                  large={true}
>
                  name
</DeletionModal.style__SecondaryHeader>,
                <br />,
                <Text>
                  mike
</Text>,
              ],
              "style": Object {
                "marginBottom": "0.5rem",
              },
            },
            "ref": null,
            "rendered": Array [
              Object {
                "instance": null,
                "key": undefined,
                "nodeType": "class",
                "props": Object {
                  "children": "name",
                  "large": true,
                },
                "ref": null,
                "rendered": "name",
                "type": [Function],
              },
              Object {
                "instance": null,
                "key": undefined,
                "nodeType": "host",
                "props": Object {},
                "ref": null,
                "rendered": null,
                "type": "br",
              },
              Object {
                "instance": null,
                "key": undefined,
                "nodeType": "class",
                "props": Object {
                  "children": "mike",
                },
                "ref": null,
                "rendered": "mike",
                "type": [Function],
              },
            ],
            "type": "div",
          },
          Object {
            "instance": null,
            "key": undefined,
            "nodeType": "host",
            "props": Object {
              "children": Array [
                <DeletionModal.style__SecondaryHeader
                  large={true}
>
                  address
</DeletionModal.style__SecondaryHeader>,
                <br />,
                <Text>
                  0x3123123
</Text>,
              ],
            },
            "ref": null,
            "rendered": Array [
              Object {
                "instance": null,
                "key": undefined,
                "nodeType": "class",
                "props": Object {
                  "children": "address",
                  "large": true,
                },
                "ref": null,
                "rendered": "address",
                "type": [Function],
              },
              Object {
                "instance": null,
                "key": undefined,
                "nodeType": "host",
                "props": Object {},
                "ref": null,
                "rendered": null,
                "type": "br",
              },
              Object {
                "instance": null,
                "key": undefined,
                "nodeType": "class",
                "props": Object {
                  "children": "0x3123123",
                },
                "ref": null,
                "rendered": "0x3123123",
                "type": [Function],
              },
            ],
            "type": "div",
          },
        ],
        "type": [Function],
      },
      Object {
        "instance": null,
        "key": undefined,
        "nodeType": "class",
        "props": Object {
          "children": Array [
            <DeletionModal.style__StyledButton
              id="delete"
              onClick={[Function]}
              type="danger"
>
              delete
</DeletionModal.style__StyledButton>,
            <DeletionModal.style__StyledButton
              id="cancel"
              onClick={[Function]}
              type="default"
>
              cancel
</DeletionModal.style__StyledButton>,
          ],
        },
        "ref": null,
        "rendered": Array [
          Object {
            "instance": null,
            "key": undefined,
            "nodeType": "class",
            "props": Object {
              "children": "delete",
              "id": "delete",
              "onClick": [Function],
              "type": "danger",
            },
            "ref": null,
            "rendered": "delete",
            "type": [Function],
          },
          Object {
            "instance": null,
            "key": undefined,
            "nodeType": "class",
            "props": Object {
              "children": "cancel",
              "id": "cancel",
              "onClick": [Function],
              "type": "default",
            },
            "ref": null,
            "rendered": "cancel",
            "type": [Function],
          },
        ],
        "type": [Function],
      },
    ],
    "type": [Function],
  },
  Symbol(enzyme.__nodes__): Array [
    Object {
      "instance": null,
      "key": undefined,
      "nodeType": "class",
      "props": Object {
        "children": Array [
          <DeletionModal.style__TopHeading>
             
            delete_confirm {"type":"wallet"}
</DeletionModal.style__TopHeading>,
          <DeletionModal.style__TextPrimary>
            <div
                        style={
                                    Object {
                                                "marginBottom": "0.5rem",
                                              }
                        }
            >
                        <DeletionModal.style__SecondaryHeader
                                    large={true}
                        >
                                    name
                        </DeletionModal.style__SecondaryHeader>
                        <br />
                        <Text>
                                    mike
                        </Text>
            </div>
            <div>
                        <DeletionModal.style__SecondaryHeader
                                    large={true}
                        >
                                    address
                        </DeletionModal.style__SecondaryHeader>
                        <br />
                        <Text>
                                    0x3123123
                        </Text>
            </div>
</DeletionModal.style__TextPrimary>,
          <DeletionModal.style__ParentDiv>
            <DeletionModal.style__StyledButton
                        id="delete"
                        onClick={[Function]}
                        type="danger"
            >
                        delete
            </DeletionModal.style__StyledButton>
            <DeletionModal.style__StyledButton
                        id="cancel"
                        onClick={[Function]}
                        type="default"
            >
                        cancel
            </DeletionModal.style__StyledButton>
</DeletionModal.style__ParentDiv>,
        ],
      },
      "ref": null,
      "rendered": Array [
        Object {
          "instance": null,
          "key": undefined,
          "nodeType": "class",
          "props": Object {
            "children": Array [
              " ",
              "delete_confirm {\\"type\\":\\"wallet\\"}",
            ],
          },
          "ref": null,
          "rendered": Array [
            " ",
            "delete_confirm {\\"type\\":\\"wallet\\"}",
          ],
          "type": [Function],
        },
        Object {
          "instance": null,
          "key": undefined,
          "nodeType": "class",
          "props": Object {
            "children": Array [
              <div
                style={
                                Object {
                                                "marginBottom": "0.5rem",
                                              }
                }
>
                <DeletionModal.style__SecondaryHeader
                                large={true}
                >
                                name
                </DeletionModal.style__SecondaryHeader>
                <br />
                <Text>
                                mike
                </Text>
</div>,
              <div>
                <DeletionModal.style__SecondaryHeader
                                large={true}
                >
                                address
                </DeletionModal.style__SecondaryHeader>
                <br />
                <Text>
                                0x3123123
                </Text>
</div>,
            ],
          },
          "ref": null,
          "rendered": Array [
            Object {
              "instance": null,
              "key": undefined,
              "nodeType": "host",
              "props": Object {
                "children": Array [
                  <DeletionModal.style__SecondaryHeader
                    large={true}
>
                    name
</DeletionModal.style__SecondaryHeader>,
                  <br />,
                  <Text>
                    mike
</Text>,
                ],
                "style": Object {
                  "marginBottom": "0.5rem",
                },
              },
              "ref": null,
              "rendered": Array [
                Object {
                  "instance": null,
                  "key": undefined,
                  "nodeType": "class",
                  "props": Object {
                    "children": "name",
                    "large": true,
                  },
                  "ref": null,
                  "rendered": "name",
                  "type": [Function],
                },
                Object {
                  "instance": null,
                  "key": undefined,
                  "nodeType": "host",
                  "props": Object {},
                  "ref": null,
                  "rendered": null,
                  "type": "br",
                },
                Object {
                  "instance": null,
                  "key": undefined,
                  "nodeType": "class",
                  "props": Object {
                    "children": "mike",
                  },
                  "ref": null,
                  "rendered": "mike",
                  "type": [Function],
                },
              ],
              "type": "div",
            },
            Object {
              "instance": null,
              "key": undefined,
              "nodeType": "host",
              "props": Object {
                "children": Array [
                  <DeletionModal.style__SecondaryHeader
                    large={true}
>
                    address
</DeletionModal.style__SecondaryHeader>,
                  <br />,
                  <Text>
                    0x3123123
</Text>,
                ],
              },
              "ref": null,
              "rendered": Array [
                Object {
                  "instance": null,
                  "key": undefined,
                  "nodeType": "class",
                  "props": Object {
                    "children": "address",
                    "large": true,
                  },
                  "ref": null,
                  "rendered": "address",
                  "type": [Function],
                },
                Object {
                  "instance": null,
                  "key": undefined,
                  "nodeType": "host",
                  "props": Object {},
                  "ref": null,
                  "rendered": null,
                  "type": "br",
                },
                Object {
                  "instance": null,
                  "key": undefined,
                  "nodeType": "class",
                  "props": Object {
                    "children": "0x3123123",
                  },
                  "ref": null,
                  "rendered": "0x3123123",
                  "type": [Function],
                },
              ],
              "type": "div",
            },
          ],
          "type": [Function],
        },
        Object {
          "instance": null,
          "key": undefined,
          "nodeType": "class",
          "props": Object {
            "children": Array [
              <DeletionModal.style__StyledButton
                id="delete"
                onClick={[Function]}
                type="danger"
>
                delete
</DeletionModal.style__StyledButton>,
              <DeletionModal.style__StyledButton
                id="cancel"
                onClick={[Function]}
                type="default"
>
                cancel
</DeletionModal.style__StyledButton>,
            ],
          },
          "ref": null,
          "rendered": Array [
            Object {
              "instance": null,
              "key": undefined,
              "nodeType": "class",
              "props": Object {
                "children": "delete",
                "id": "delete",
                "onClick": [Function],
                "type": "danger",
              },
              "ref": null,
              "rendered": "delete",
              "type": [Function],
            },
            Object {
              "instance": null,
              "key": undefined,
              "nodeType": "class",
              "props": Object {
                "children": "cancel",
                "id": "cancel",
                "onClick": [Function],
                "type": "default",
              },
              "ref": null,
              "rendered": "cancel",
              "type": [Function],
            },
          ],
          "type": [Function],
        },
      ],
      "type": [Function],
    },
  ],
  Symbol(enzyme.__options__): Object {
    "adapter": ReactSixteenAdapter {
      "options": Object {
        "enableComponentDidUpdateOnSetState": true,
      },
    },
  },
}
`;
